{
  "submodels": [
    {
      "id": "something_random_b0c234ba",
      "modelType": "Submodel",
      "submodelElements": [
        {
          "category": "something_random_b8813eeb",
          "checksum": "something_random_9711a3c9",
          "dataSpecifications": [
            {
              "keys": [
                {
                  "type": "GlobalReference",
                  "value": "something_random_03894792"
                }
              ],
              "type": "GlobalReference"
            }
          ],
          "description": {
            "langStrings": [
              {
                "language": "en",
                "text": "something_random_02557bc9"
              }
            ]
          },
          "displayName": {
            "langStrings": [
              {
                "language": "en",
                "text": "something_random_c94bb548"
              }
            ]
          },
          "extensions": [
            {
              "name": "something_random_49c224a4"
            }
          ],
          "idShort": "some_id_short_10b21b1b",
          "kind": "Template",
          "modelType": "SubmodelElementList",
          "orderRelevant": false,
          "qualifiers": [
            {
              "type": "something_random_a250eeff",
              "valueType": "xs:string",
              "valuetype": "xs:boolean"
            }
          ],
          "semanticId": {
            "keys": [
              {
                "type": "GlobalReference",
                "value": "something_random_bd061acd"
              }
            ],
            "type": "GlobalReference"
          },
          "semanticIdListElement": {
            "keys": [
              {
                "type": "GlobalReference",
                "value": "something_random_4ed3e682"
              }
            ],
            "type": "GlobalReference"
          },
          "supplementalSemanticIds": [
            {
              "keys": [
                {
                  "type": "GlobalReference",
                  "value": "something_random_e14ad770"
                }
              ],
              "type": "GlobalReference"
            }
          ],
          "typeValueListElement": "SubmodelElementCollection",
          "value": [
            {
              "modelType": "Capability"
            }
          ],
          "valueTypeListElement": "xs:positiveInteger"
        }
      ]
    }
  ]
}